{
  "StartAt": "p",
  "States": {
    "p": {
      "Choices": [
        {
          "Next": "x",
          "StringEquals": "x",
          "Variable": "$.foo"
        }
      ],
      "Parameters": "I'm a parameter!",
      "Type": "Choice"
    },
    "x": {
      "Type": "Succeed"
    }
  }
}