{
  "StartAt": "p",
  "States": {
    "p": {
      "Catch": [
        {
          "ErrorEquals": [],
          "Next": "x"
        }
      ],
      "End": true,
      "Resource": "foo:bar",
      "Retry": [
        {
          "BackoffRate": 2,
          "ErrorEquals": [
            "States.ALL"
          ],
          "IntervalSeconds": 1,
          "MaxAttempts": 3
        }
      ],
      "Type": "Task"
    },
    "x": {
      "Type": "Fail"
    }
  }
}