{
  "StartAt": "p",
  "States": {
    "p": {
      "Parameters": "I'm a parameter!",
      "Type": "Fail"
    }
  }
}