{
  "StartAt": "FailState",
  "States": {
    "FailState": {
      "CausePath": "$.Cause",
      "ErrorPath": "$.Error",
      "Type": "Fail"
    }
  }
}