{
  "StartAt": "p",
  "States": {
    "p": {
      "ResultSelector": {
        "a": "x",
        "b.$": "$.y",
        "c.$": "$$.z"
      },
      "Type": "Fail"
    }
  }
}