{
  "StartAt": "p",
  "States": {
    "p": {
      "ResultPath": "$.foo",
      "Type": "Fail"
    }
  }
}