{
  "StartAt": "A",
  "States": {
    "A": {
      "Branches": [
        {
          "StartAt": "Sub1_1",
          "States": {
            "Sub1_1": {
              "Type": "Succeed"
            }
          }
        },
        {
          "StartAt": "Sub2_1",
          "States": {
            "Sub2_1": {
              "Type": "Succeed"
            }
          }
        }
      ],
      "Next": "X",
      "Type": "Parallel"
    },
    "Sub2_1": {
      "Type": "Succeed"
    },
    "X": {
      "Next": "Sub2_1",
      "Type": "Pass"
    }
  }
}