{
  "StartAt": "m",
  "States": {
    "m": {
      "End": true,
      "ItemsPath": "$$.mapItems",
      "Iterator": {
        "StartAt": "x",
        "States": {
          "x": {
            "End": true,
            "Type": "Pass"
          }
        }
      },
      "Parameters": "$.foo",
      "Type": "Map"
    }
  }
}