{
  "StartAt": "p",
  "States": {
    "p": {
      "Branches": [
        {
          "StartAt": "x",
          "States": {
            "x": {
              "Type": "Succeed"
            }
          }
        }
      ],
      "End": true,
      "ResultPath": "$.foo",
      "Type": "Parallel"
    }
  }
}