{
  "StartAt": "FNORD",
  "States": {
    "FNORD": {
      "End": true,
      "Parameters": {
        "bad1.$": 23,
        "bad2.$": "23",
        "bad5.$": "$$23",
        "f0": 1,
        "f3": {
          "bad3.$": [
            1,
            2,
            3
          ],
          "f5": [
            "f6",
            {
              "f7": {
                "bad4.$": {
                  "f9": 1
                },
                "good3.$": "$.x.y.z[2]"
              }
            }
          ],
          "good2.$": "$.b[23]"
        },
        "good1.$": "$.g1",
        "good4.$": "$$",
        "good5.$": "$$.g5"
      },
      "Result": {
        "foo": 1
      },
      "Type": "Pass"
    }
  }
}