{
  "StartAt": "p",
  "States": {
    "p": {
      "End": true,
      "Result": {
        "foo": 1
      },
      "ResultPath": "$.foo",
      "Type": "Pass"
    }
  }
}