{
  "Comment": "test",
  "StartAt": "foo",
  "States": {
    "end": {
      "Type": "Fail"
    },
    "foo": {
      "Catch": [
        {
          "Comment": "foo",
          "ErrorEquals": [
            "States.ALL"
          ],
          "Next": "end"
        }
      ],
      "Next": "end",
      "Resource": "arn:aws:states:::lambda:invoke",
      "Retry": [
        {
          "BackoffRate": 2,
          "ErrorEquals": [
            "States.ALL"
          ],
          "IntervalSeconds": 1,
          "MaxAttempts": 3
        }
      ],
      "Type": "Task"
    }
  }
}